Warning: You are sending unauthenticated requests to the HF Hub. Please set a HF_TOKEN to enable higher rate limits and faster downloads.
/workspace/work/venv/lib/python3.12/site-packages/torch/jit/_script.py:1491: FutureWarning: `torch.jit.script` is deprecated. Please switch to `torch.compile` or `torch.export`.
  warnings.warn(
Loading weights:   0%|          | 0/106 [00:00<?, ?it/s]Loading weights: 100%|██████████| 106/106 [00:00<00:00, 23995.91it/s]
/workspace/work/odar/odar/retrieval.py:265: RuntimeWarning: This package (`duckduckgo_search`) has been renamed to `ddgs`! Use `pip install ddgs` instead.
  raw_results = _DDGS().text(query, max_results=max_results) or []
/workspace/work/odar/odar/retrieval.py:265: RuntimeWarning: This package (`duckduckgo_search`) has been renamed to `ddgs`! Use `pip install ddgs` instead.
  raw_results = _DDGS().text(query, max_results=max_results) or []
DDG HTML fallback failed: ProxyError: HTTPSConnectionPool(host='html.duckduckgo.com', port=443): Max retries exceeded with url: /html/ (Caused by ProxyError('Unable to connect to proxy', OSError('Tunnel connection failed: 502 Bad Gateway')))
DDG HTML fallback failed: ProxyError: HTTPSConnectionPool(host='html.duckduckgo.com', port=443): Max retries exceeded with url: /html/ (Caused by ProxyError('Unable to connect to proxy', OSError('Tunnel connection failed: 502 Bad Gateway')))
/workspace/work/odar/odar/retrieval.py:265: RuntimeWarning: This package (`duckduckgo_search`) has been renamed to `ddgs`! Use `pip install ddgs` instead.
  raw_results = _DDGS().text(query, max_results=max_results) or []
/workspace/work/odar/odar/retrieval.py:265: RuntimeWarning: This package (`duckduckgo_search`) has been renamed to `ddgs`! Use `pip install ddgs` instead.
  raw_results = _DDGS().text(query, max_results=max_results) or []
DDG HTML fallback failed: ProxyError: HTTPSConnectionPool(host='html.duckduckgo.com', port=443): Max retries exceeded with url: /html/ (Caused by ProxyError('Unable to connect to proxy', OSError('Tunnel connection failed: 502 Bad Gateway')))
DDG HTML fallback failed: ProxyError: HTTPSConnectionPool(host='html.duckduckgo.com', port=443): Max retries exceeded with url: /html/ (Caused by ProxyError('Unable to connect to proxy', OSError('Tunnel connection failed: 502 Bad Gateway')))
/workspace/work/odar/odar/retrieval.py:265: RuntimeWarning: This package (`duckduckgo_search`) has been renamed to `ddgs`! Use `pip install ddgs` instead.
  raw_results = _DDGS().text(query, max_results=max_results) or []
/workspace/work/odar/odar/retrieval.py:265: RuntimeWarning: This package (`duckduckgo_search`) has been renamed to `ddgs`! Use `pip install ddgs` instead.
  raw_results = _DDGS().text(query, max_results=max_results) or []
DDG HTML fallback failed: ProxyError: HTTPSConnectionPool(host='html.duckduckgo.com', port=443): Max retries exceeded with url: /html/ (Caused by ProxyError('Unable to connect to proxy', OSError('Tunnel connection failed: 502 Bad Gateway')))
DDG HTML fallback failed: ProxyError: HTTPSConnectionPool(host='html.duckduckgo.com', port=443): Max retries exceeded with url: /html/ (Caused by ProxyError('Unable to connect to proxy', OSError('Tunnel connection failed: 502 Bad Gateway')))
/workspace/work/odar/odar/retrieval.py:265: RuntimeWarning: This package (`duckduckgo_search`) has been renamed to `ddgs`! Use `pip install ddgs` instead.
  raw_results = _DDGS().text(query, max_results=max_results) or []
DDG HTML fallback failed: ProxyError: HTTPSConnectionPool(host='html.duckduckgo.com', port=443): Max retries exceeded with url: /html/ (Caused by ProxyError('Unable to connect to proxy', OSError('Tunnel connection failed: 502 Bad Gateway')))
DDG HTML fallback failed: ProxyError: HTTPSConnectionPool(host='html.duckduckgo.com', port=443): Max retries exceeded with url: /html/ (Caused by ProxyError('Unable to connect to proxy', OSError('Tunnel connection failed: 502 Bad Gateway')))
/workspace/work/odar/odar/retrieval.py:265: RuntimeWarning: This package (`duckduckgo_search`) has been renamed to `ddgs`! Use `pip install ddgs` instead.
  raw_results = _DDGS().text(query, max_results=max_results) or []
/workspace/work/odar/odar/retrieval.py:265: RuntimeWarning: This package (`duckduckgo_search`) has been renamed to `ddgs`! Use `pip install ddgs` instead.
  raw_results = _DDGS().text(query, max_results=max_results) or []
DDG HTML fallback failed: ProxyError: HTTPSConnectionPool(host='html.duckduckgo.com', port=443): Max retries exceeded with url: /html/ (Caused by ProxyError('Unable to connect to proxy', OSError('Tunnel connection failed: 502 Bad Gateway')))
DDG HTML fallback failed: ProxyError: HTTPSConnectionPool(host='html.duckduckgo.com', port=443): Max retries exceeded with url: /html/ (Caused by ProxyError('Unable to connect to proxy', OSError('Tunnel connection failed: 502 Bad Gateway')))
sys:1: ResourceWarning: unclosed <socket.socket fd=27, family=2, type=1, proto=6, laddr=('172.16.1.77', 55514), raddr=('10.61.83.121', 8003)>
ResourceWarning: Enable tracemalloc to get the object allocation traceback
/usr/local/lib/python3.12/asyncio/selector_events.py:879: ResourceWarning: unclosed transport <_SelectorSocketTransport fd=27>
  _warn(f"unclosed transport {self!r}", ResourceWarning, source=self)
ResourceWarning: Enable tracemalloc to get the object allocation traceback
